-- Automatically generated by SQLQueryTestSuite
-- Number of queries: 32


-- !query 0
CREATE TEMPORARY VIEW t AS SELECT 1.0 as a, 0.0 as b
-- !query 0 schema
struct<>
-- !query 0 output



-- !query 1
select a / b from t
-- !query 1 schema
struct<(CAST(a AS DECIMAL(2,1)) / CAST(b AS DECIMAL(2,1))):decimal(8,6)>
-- !query 1 output
NULL


-- !query 2
select a % b from t
-- !query 2 schema
struct<(CAST(a AS DECIMAL(2,1)) % CAST(b AS DECIMAL(2,1))):decimal(1,1)>
-- !query 2 output
NULL


-- !query 3
select pmod(a, b) from t
-- !query 3 schema
struct<pmod(CAST(a AS DECIMAL(2,1)), CAST(b AS DECIMAL(2,1))):decimal(1,1)>
-- !query 3 output
NULL


-- !query 4
create table decimals_test(id int, a decimal(38,18), b decimal(38,18)) using parquet
-- !query 4 schema
struct<>
-- !query 4 output



-- !query 5
insert into decimals_test values(1, 100.0, 999.0), (2, 12345.123, 12345.123),
  (3, 0.1234567891011, 1234.1), (4, 123456789123456789.0, 1.123456789123456789)
-- !query 5 schema
struct<>
-- !query 5 output



-- !query 6
select id, a+b, a-b, a*b, a/b from decimals_test order by id
-- !query 6 schema
struct<id:int,(a + b):decimal(38,17),(a - b):decimal(38,17),(a * b):decimal(38,6),(a / b):decimal(38,6)>
-- !query 6 output
1	1099	-899	99900	0.1001
2	24690.246	0	152402061.885129	1
3	1234.2234567891011	-1233.9765432108989	152.358023	0.0001
4	123456789123456790.12345678912345679	123456789123456787.87654321087654321	138698367904130467.515623	109890109097814272.043109


-- !query 7
select id, a*10, b/10 from decimals_test order by id
-- !query 7 schema
struct<id:int,(CAST(a AS DECIMAL(38,18)) * CAST(CAST(10 AS DECIMAL(2,0)) AS DECIMAL(38,18))):decimal(38,15),(CAST(b AS DECIMAL(38,18)) / CAST(CAST(10 AS DECIMAL(2,0)) AS DECIMAL(38,18))):decimal(38,18)>
-- !query 7 output
1	1000	99.9
2	123451.23	1234.5123
3	1.234567891011	123.41
4	1234567891234567890	0.112345678912345679


-- !query 8
select 10.3 * 3.0
-- !query 8 schema
struct<(CAST(10.3 AS DECIMAL(3,1)) * CAST(3.0 AS DECIMAL(3,1))):decimal(6,2)>
-- !query 8 output
30.9


-- !query 9
select 10.3000 * 3.0
-- !query 9 schema
struct<(CAST(10.3000 AS DECIMAL(6,4)) * CAST(3.0 AS DECIMAL(6,4))):decimal(9,5)>
-- !query 9 output
30.9


-- !query 10
select 10.30000 * 30.0
-- !query 10 schema
struct<(CAST(10.30000 AS DECIMAL(7,5)) * CAST(30.0 AS DECIMAL(7,5))):decimal(11,6)>
-- !query 10 output
309


-- !query 11
select 10.300000000000000000 * 3.000000000000000000
-- !query 11 schema
struct<(CAST(10.300000000000000000 AS DECIMAL(20,18)) * CAST(3.000000000000000000 AS DECIMAL(20,18))):decimal(38,34)>
-- !query 11 output
30.9


-- !query 12
select 10.300000000000000000 * 3.0000000000000000000
-- !query 12 schema
struct<(CAST(10.300000000000000000 AS DECIMAL(21,19)) * CAST(3.0000000000000000000 AS DECIMAL(21,19))):decimal(38,34)>
-- !query 12 output
30.9


-- !query 13
select (5e36 + 0.1) + 5e36
-- !query 13 schema
struct<(CAST((CAST(5E+36 AS DECIMAL(38,1)) + CAST(0.1 AS DECIMAL(38,1))) AS DECIMAL(38,1)) + CAST(5E+36 AS DECIMAL(38,1))):decimal(38,1)>
-- !query 13 output
NULL


-- !query 14
select (-4e36 - 0.1) - 7e36
-- !query 14 schema
struct<(CAST((CAST(-4E+36 AS DECIMAL(38,1)) - CAST(0.1 AS DECIMAL(38,1))) AS DECIMAL(38,1)) - CAST(7E+36 AS DECIMAL(38,1))):decimal(38,1)>
-- !query 14 output
NULL


-- !query 15
select 12345678901234567890.0 * 12345678901234567890.0
-- !query 15 schema
struct<(12345678901234567890.0 * 12345678901234567890.0):decimal(38,2)>
-- !query 15 output
NULL


-- !query 16
select 1e35 / 0.1
-- !query 16 schema
struct<(CAST(1E+35 AS DECIMAL(37,1)) / CAST(0.1 AS DECIMAL(37,1))):decimal(38,6)>
-- !query 16 output
NULL


-- !query 17
select 123456789123456789.1234567890 * 1.123456789123456789
-- !query 17 schema
struct<(CAST(123456789123456789.1234567890 AS DECIMAL(36,18)) * CAST(1.123456789123456789 AS DECIMAL(36,18))):decimal(38,18)>
-- !query 17 output
138698367904130467.654320988515622621


-- !query 18
select 0.001 / 9876543210987654321098765432109876543.2

set spark.sql.decimalOperations.allowPrecisionLoss=false
-- !query 18 schema
struct<>
-- !query 18 output
org.apache.spark.sql.catalyst.parser.ParseException

mismatched input 'spark' expecting <EOF>(line 3, pos 4)

== SQL ==
select 0.001 / 9876543210987654321098765432109876543.2

set spark.sql.decimalOperations.allowPrecisionLoss=false
----^^^


-- !query 19
select id, a+b, a-b, a*b, a/b from decimals_test order by id
-- !query 19 schema
struct<id:int,(a + b):decimal(38,17),(a - b):decimal(38,17),(a * b):decimal(38,6),(a / b):decimal(38,6)>
-- !query 19 output
1	1099	-899	99900	0.1001
2	24690.246	0	152402061.885129	1
3	1234.2234567891011	-1233.9765432108989	152.358023	0.0001
4	123456789123456790.12345678912345679	123456789123456787.87654321087654321	138698367904130467.515623	109890109097814272.043109


-- !query 20
select id, a*10, b/10 from decimals_test order by id
-- !query 20 schema
struct<id:int,(CAST(a AS DECIMAL(38,18)) * CAST(CAST(10 AS DECIMAL(2,0)) AS DECIMAL(38,18))):decimal(38,15),(CAST(b AS DECIMAL(38,18)) / CAST(CAST(10 AS DECIMAL(2,0)) AS DECIMAL(38,18))):decimal(38,18)>
-- !query 20 output
1	1000	99.9
2	123451.23	1234.5123
3	1.234567891011	123.41
4	1234567891234567890	0.112345678912345679


-- !query 21
select 10.3 * 3.0
-- !query 21 schema
struct<(CAST(10.3 AS DECIMAL(3,1)) * CAST(3.0 AS DECIMAL(3,1))):decimal(6,2)>
-- !query 21 output
30.9


-- !query 22
select 10.3000 * 3.0
-- !query 22 schema
struct<(CAST(10.3000 AS DECIMAL(6,4)) * CAST(3.0 AS DECIMAL(6,4))):decimal(9,5)>
-- !query 22 output
30.9


-- !query 23
select 10.30000 * 30.0
-- !query 23 schema
struct<(CAST(10.30000 AS DECIMAL(7,5)) * CAST(30.0 AS DECIMAL(7,5))):decimal(11,6)>
-- !query 23 output
309


-- !query 24
select 10.300000000000000000 * 3.000000000000000000
-- !query 24 schema
struct<(CAST(10.300000000000000000 AS DECIMAL(20,18)) * CAST(3.000000000000000000 AS DECIMAL(20,18))):decimal(38,34)>
-- !query 24 output
30.9


-- !query 25
select 10.300000000000000000 * 3.0000000000000000000
-- !query 25 schema
struct<(CAST(10.300000000000000000 AS DECIMAL(21,19)) * CAST(3.0000000000000000000 AS DECIMAL(21,19))):decimal(38,34)>
-- !query 25 output
30.9


-- !query 26
select (5e36 + 0.1) + 5e36
-- !query 26 schema
struct<(CAST((CAST(5E+36 AS DECIMAL(38,1)) + CAST(0.1 AS DECIMAL(38,1))) AS DECIMAL(38,1)) + CAST(5E+36 AS DECIMAL(38,1))):decimal(38,1)>
-- !query 26 output
NULL


-- !query 27
select (-4e36 - 0.1) - 7e36
-- !query 27 schema
struct<(CAST((CAST(-4E+36 AS DECIMAL(38,1)) - CAST(0.1 AS DECIMAL(38,1))) AS DECIMAL(38,1)) - CAST(7E+36 AS DECIMAL(38,1))):decimal(38,1)>
-- !query 27 output
NULL


-- !query 28
select 12345678901234567890.0 * 12345678901234567890.0
-- !query 28 schema
struct<(12345678901234567890.0 * 12345678901234567890.0):decimal(38,2)>
-- !query 28 output
NULL


-- !query 29
select 1e35 / 0.1
-- !query 29 schema
struct<(CAST(1E+35 AS DECIMAL(37,1)) / CAST(0.1 AS DECIMAL(37,1))):decimal(38,6)>
-- !query 29 output
NULL


-- !query 30
select 123456789123456789.1234567890 * 1.123456789123456789
-- !query 30 schema
struct<(CAST(123456789123456789.1234567890 AS DECIMAL(36,18)) * CAST(1.123456789123456789 AS DECIMAL(36,18))):decimal(38,18)>
-- !query 30 output
138698367904130467.654320988515622621


-- !query 31
select 0.001 / 9876543210987654321098765432109876543.2

drop table decimals_test
-- !query 31 schema
struct<>
-- !query 31 output
org.apache.spark.sql.catalyst.parser.ParseException

mismatched input 'table' expecting <EOF>(line 3, pos 5)

== SQL ==
select 0.001 / 9876543210987654321098765432109876543.2

drop table decimals_test
-----^^^
